// Jest Snapshot v1, https://goo.gl/fbAQLP

exports[`Guid length is correct 1`] = `36`;
